============================= test session starts =============================
platform win32 -- Python 3.14.3, pytest-9.0.2, pluggy-1.6.0 -- C:\Users\duart\AppData\Local\Python\pythoncore-3.14-64\python.exe
cachedir: .pytest_cache
rootdir: C:\Users\duart\OneDrive\Desktop\CRM Antigravity controle\CRM Antigravity\Antigravity-CRM\backend
plugins: mock-3.15.1
collecting ... collected 87 items

tests/test_all_endpoints.py::TestOperationsGet::test_get_operations_returns_list PASSED [  1%]
tests/test_all_endpoints.py::TestOperationsPost::test_create_operation PASSED [  2%]
tests/test_all_endpoints.py::TestOperationsCRUD::test_get_operation_by_id PASSED [  3%]
tests/test_all_endpoints.py::TestOperationsCRUD::test_get_operation_not_found PASSED [  4%]
tests/test_all_endpoints.py::TestOperationsCRUD::test_update_operation PASSED [  5%]
tests/test_all_endpoints.py::TestOperationsCRUD::test_delete_operation PASSED [  6%]
tests/test_all_endpoints.py::TestSyncAll::test_sync_all_json_content_type PASSED [  8%]
tests/test_all_endpoints.py::TestSyncAll::test_sync_all_text_plain_fallback PASSED [  9%]
tests/test_all_endpoints.py::TestSyncAll::test_sync_all_empty_body PASSED [ 10%]
tests/test_all_endpoints.py::TestSyncAll::test_sync_all_invalid_json PASSED [ 11%]
tests/test_all_endpoints.py::TestSyncAll::test_sync_all_not_a_list PASSED [ 12%]
tests/test_all_endpoints.py::TestSyncAll::test_sync_all_with_multiple_items PASSED [ 13%]
tests/test_all_endpoints.py::TestBulkUpdate::test_bulk_update_single PASSED [ 14%]
tests/test_all_endpoints.py::TestTasks::test_delete_task PASSED          [ 16%]
tests/test_all_endpoints.py::TestTasks::test_edit_task PASSED            [ 17%]
tests/test_all_endpoints.py::TestAuditLogs::test_get_audit_logs PASSED   [ 18%]
tests/test_all_endpoints.py::TestOperationReviewNotes::test_save_review_notes PASSED [ 19%]
tests/test_all_endpoints.py::TestChangeRequests::test_change_request_crud PASSED [ 20%]
tests/test_all_endpoints.py::TestPatchNotes::test_get_patch_notes PASSED [ 21%]
tests/test_all_endpoints.py::TestAnalystNotes::test_get_analyst_notes PASSED [ 22%]
tests/test_all_endpoints.py::TestAnalystNotes::test_save_analyst_notes PASSED [ 24%]
tests/test_all_endpoints.py::TestAnalystNotes::test_read_back_analyst_notes PASSED [ 25%]
tests/test_all_endpoints.py::TestOperationRisks::test_add_risk PASSED    [ 26%]
tests/test_all_endpoints.py::TestOperationRisks::test_update_risk PASSED [ 27%]
tests/test_all_endpoints.py::TestOperationRisks::test_delete_risk PASSED [ 28%]
tests/test_all_endpoints.py::TestLitigationComments::test_add_litigation_comment PASSED [ 29%]
tests/test_all_endpoints.py::TestLitigationComments::test_update_litigation_comment PASSED [ 31%]
tests/test_all_endpoints.py::TestLitigationComments::test_delete_litigation_comment PASSED [ 32%]
tests/test_all_endpoints.py::TestAnalysts::test_get_analysts PASSED      [ 33%]
tests/test_all_endpoints.py::TestMasterGroups::test_master_group_full_crud PASSED [ 34%]
tests/test_all_endpoints.py::TestMasterGroups::test_master_group_not_found PASSED [ 35%]
tests/test_all_endpoints.py::TestMasterGroupEvents::test_add_event_to_master_group PASSED [ 36%]
tests/test_all_endpoints.py::TestMasterGroupRisks::test_add_mg_risk PASSED [ 37%]
tests/test_all_endpoints.py::TestMasterGroupRisks::test_update_mg_risk PASSED [ 39%]
tests/test_all_endpoints.py::TestMasterGroupRisks::test_delete_mg_risk PASSED [ 40%]
tests/test_all_endpoints.py::TestStructuringOperations::test_structuring_operations_crud PASSED [ 41%]
tests/test_all_endpoints.py::TestStructuringOperationEvents::test_add_event PASSED [ 42%]
tests/test_all_endpoints.py::TestStructuringOperationEvents::test_crud_event PASSED [ 43%]
tests/test_all_endpoints.py::TestStructuringOperationStages::test_update_stages PASSED [ 44%]
tests/test_all_endpoints.py::TestEconomicGroups::test_economic_group_crud PASSED [ 45%]
tests/test_all_endpoints.py::TestFundSimulator::test_get_funds PASSED    [ 47%]
tests/test_all_endpoints.py::TestFundSimulator::test_get_fund_data PASSED [ 48%]
tests/test_all_endpoints.py::TestFundSimulator::test_save_fund_inputs PASSED [ 49%]
tests/test_all_endpoints.py::TestFundSimulator::test_update_fund_inputs PASSED [ 50%]
tests/test_all_endpoints.py::TestSyncRules::test_sync_rules PASSED       [ 51%]
tests/test_all_endpoints.py::TestArchitectureCompliance::test_connection_handling_pattern_app PASSED [ 52%]
tests/test_all_endpoints.py::TestArchitectureCompliance::test_json_responses_use_consistent_keys PASSED [ 54%]
tests/test_all_endpoints.py::TestArchitectureCompliance::test_connection_handling_pattern_master_groups PASSED [ 55%]
tests/test_all_endpoints.py::TestArchitectureCompliance::test_connection_handling_pattern_economic_groups PASSED [ 56%]
tests/test_all_endpoints.py::TestArchitectureCompliance::test_connection_handling_pattern_fund_simulator PASSED [ 57%]
tests/test_all_endpoints.py::TestArchitectureCompliance::test_connection_handling_pattern_comite PASSED [ 58%]
tests/test_all_endpoints.py::TestArchitectureCompliance::test_comite_json_responses_use_snake_case PASSED [ 59%]
tests/test_all_endpoints.py::TestComiteRulesEndpoints::test_get_rules_returns_list PASSED [ 60%]
tests/test_all_endpoints.py::TestComiteRulesEndpoints::test_create_rule PASSED [ 62%]
tests/test_all_endpoints.py::TestComiteRulesEndpoints::test_duplicate_rule_blocked PASSED [ 63%]
tests/test_all_endpoints.py::TestComiteRulesEndpoints::test_create_monitoramento_same_area PASSED [ 64%]
tests/test_all_endpoints.py::TestComiteRulesEndpoints::test_update_rule PASSED [ 65%]
tests/test_all_endpoints.py::TestComiteRulesEndpoints::test_delete_rule PASSED [ 66%]
tests/test_all_endpoints.py::TestComiteRulesEndpoints::test_list_rules_after_ops PASSED [ 67%]
tests/test_all_endpoints.py::TestComitesEndpoints::test_create_comite PASSED [ 68%]
tests/test_all_endpoints.py::TestComitesEndpoints::test_create_comite_invalid_rule PASSED [ 70%]
tests/test_all_endpoints.py::TestComitesEndpoints::test_get_comites_list PASSED [ 71%]
tests/test_all_endpoints.py::TestComitesEndpoints::test_get_comites_filter_area PASSED [ 72%]
tests/test_all_endpoints.py::TestComitesEndpoints::test_get_comite_detail PASSED [ 73%]
tests/test_all_endpoints.py::TestComitesEndpoints::test_get_comite_not_found PASSED [ 74%]
tests/test_all_endpoints.py::TestComiteSecoesEndpoints::test_add_secao PASSED [ 75%]
tests/test_all_endpoints.py::TestComiteItensPautaEndpoints::test_create_item_presencial PASSED [ 77%]
tests/test_all_endpoints.py::TestComiteItensPautaEndpoints::test_create_item_urgente PASSED [ 78%]
tests/test_all_endpoints.py::TestComiteItensPautaEndpoints::test_create_item_video PASSED [ 79%]
tests/test_all_endpoints.py::TestComiteItensPautaEndpoints::test_update_item PASSED [ 80%]
tests/test_all_endpoints.py::TestComiteComentariosEndpoints::test_add_comentario PASSED [ 81%]
tests/test_all_endpoints.py::TestComiteComentariosEndpoints::test_add_reply PASSED [ 82%]
tests/test_all_endpoints.py::TestComiteLikesEndpoints::test_like_comentario PASSED [ 83%]
tests/test_all_endpoints.py::TestComiteLikesEndpoints::test_unlike_comentario PASSED [ 85%]
tests/test_all_endpoints.py::TestComiteVotosEndpoints::test_cast_voto PASSED [ 86%]
tests/test_all_endpoints.py::TestComiteVotosEndpoints::test_update_voto PASSED [ 87%]
tests/test_all_endpoints.py::TestComiteVideoAssistidoEndpoints::test_mark_video_assistido PASSED [ 88%]
tests/test_all_endpoints.py::TestComiteVideoAssistidoEndpoints::test_toggle_off_video_assistido PASSED [ 89%]
tests/test_all_endpoints.py::TestComiteProximosPassosEndpoints::test_add_proximo_passo PASSED [ 90%]
tests/test_all_endpoints.py::TestComiteProximosPassosEndpoints::test_update_proximo_passo PASSED [ 91%]
tests/test_all_endpoints.py::TestComiteCompletarRelatorioEndpoints::test_get_relatorio PASSED [ 93%]
tests/test_all_endpoints.py::TestComiteCompletarRelatorioEndpoints::test_completar_comite PASSED [ 94%]
tests/test_all_endpoints.py::TestComiteCompletarRelatorioEndpoints::test_completar_not_found PASSED [ 95%]
tests/test_all_endpoints.py::TestComiteCompletarRelatorioEndpoints::test_completar_persists PASSED [ 96%]
tests/test_all_endpoints.py::TestComiteConfigEmailEndpoints::test_create_config_email PASSED [ 97%]
tests/test_all_endpoints.py::TestComiteConfigEmailEndpoints::test_update_config_email PASSED [ 98%]
tests/test_all_endpoints.py::TestComiteFullLifecycle::test_full_lifecycle PASSED [100%]

============================= 87 passed in 0.28s ==============================
